phase=sample-verify
/Applications/Xcode.app/Contents/Developer/usr/bin/make -C worker verify
PYTHONPATH=<home>/Desktop/personnal/dev/shared/repositories/rstream-examples/python-vision-inference .venv/bin/python -m py_compile worker.py ../shared/protocol.py
PYTHONPATH=<home>/Desktop/personnal/dev/shared/repositories/rstream-examples/python-vision-inference .venv/bin/python -m unittest discover -s . -p 'test_*.py'
s...device session opened
device session closed
.device session opened
device session closed
.device session opened
device session closed
....
----------------------------------------------------------------------
Ran 10 tests in 0.093s

OK (skipped=1)
PYTHONPATH=<home>/Desktop/personnal/dev/shared/repositories/rstream-examples/python-vision-inference .venv/bin/python -m unittest discover -s ../shared -p 'test_*.py'
............
----------------------------------------------------------------------
Ran 12 tests in 0.014s

OK
PYTHONPATH=<home>/Desktop/personnal/dev/shared/repositories/rstream-examples/python-vision-inference .venv/bin/python worker.py --help >/dev/null
.venv/bin/pip check
No broken requirements found.
/Applications/Xcode.app/Contents/Developer/usr/bin/make -C device verify
npm run typecheck

> typecheck
> npm run check:ts


> check:ts
> tsc --noEmit

PYTHONPATH=<home>/Desktop/personnal/dev/shared/repositories/rstream-examples/python-vision-inference .venv/bin/python -m py_compile device.py ../shared/protocol.py
PYTHONPATH=<home>/Desktop/personnal/dev/shared/repositories/rstream-examples/python-vision-inference .venv/bin/python -m unittest discover -s . -p 'test_*.py'
....dial to bad failed: ConnectionError('dial failed')
.registry watch lost (ConnectionError('registry unavailable')); retrying in 1s
.............
----------------------------------------------------------------------
Ran 18 tests in 0.136s

OK
PYTHONPATH=<home>/Desktop/personnal/dev/shared/repositories/rstream-examples/python-vision-inference .venv/bin/python -m unittest discover -s ../shared -p 'test_*.py'
............
----------------------------------------------------------------------
Ran 12 tests in 0.014s

OK
.venv/bin/pip check
No broken requirements found.
npm run build

> build
> npm run build:js && npm run build:css


> build:js
> mkdir -p ./web/generated && esbuild ./web/app.ts --bundle --format=esm --target=es2022 --minify --outfile=./web/generated/app.js


  web/generated/app.js  328.4kb

⚡ Done in 9ms

> build:css
> mkdir -p ./web/generated && tailwindcss -i ./web/input.css -o ./web/generated/app.css --minify

≈ tailwindcss v4.3.3

Done in 29ms
