phase=sample-verify
/Applications/Xcode.app/Contents/Developer/usr/bin/make -C worker verify
.venv/bin/pip install --upgrade pip
Requirement already satisfied: pip in <workspace>/python-vision-inference/worker/.venv/lib/python3.14/site-packages (26.2.1)
.venv/bin/pip install -r requirements.txt
Requirement already satisfied: numpy<3,>=2.5 in <workspace>/python-vision-inference/worker/.venv/lib/python3.14/site-packages (from -r requirements.txt (line 1)) (2.5.2)
Requirement already satisfied: opencv-python<6,>=5.0.0.93 in <workspace>/python-vision-inference/worker/.venv/lib/python3.14/site-packages (from -r requirements.txt (line 2)) (5.0.0.93)
Requirement already satisfied: rstreamlabs-rstream>=0.4.0 in <workspace>/python-vision-inference/worker/.venv/lib/python3.14/site-packages (from rstreamlabs-rstream[api]>=0.4.0->-r requirements.txt (line 3)) (0.5.0)
Requirement already satisfied: ultralytics<9,>=8.4.105 in <workspace>/python-vision-inference/worker/.venv/lib/python3.14/site-packages (from -r requirements.txt (line 4)) (8.4.118)
Requirement already satisfied: filelock>=3.16.1 in <workspace>/python-vision-inference/worker/.venv/lib/python3.14/site-packages (from ultralytics<9,>=8.4.105->-r requirements.txt (line 4)) (3.32.2)
Requirement already satisfied: matplotlib>=3.3.0 in <workspace>/python-vision-inference/worker/.venv/lib/python3.14/site-packages (from ultralytics<9,>=8.4.105->-r requirements.txt (line 4)) (3.11.1)
Requirement already satisfied: pillow>=7.1.2 in <workspace>/python-vision-inference/worker/.venv/lib/python3.14/site-packages (from ultralytics<9,>=8.4.105->-r requirements.txt (line 4)) (12.3.0)
Requirement already satisfied: pyyaml>=5.3.1 in <workspace>/python-vision-inference/worker/.venv/lib/python3.14/site-packages (from ultralytics<9,>=8.4.105->-r requirements.txt (line 4)) (6.0.3)
Requirement already satisfied: requests>=2.23.0 in <workspace>/python-vision-inference/worker/.venv/lib/python3.14/site-packages (from ultralytics<9,>=8.4.105->-r requirements.txt (line 4)) (2.34.2)
Requirement already satisfied: torch>=1.8.0 in <workspace>/python-vision-inference/worker/.venv/lib/python3.14/site-packages (from ultralytics<9,>=8.4.105->-r requirements.txt (line 4)) (2.13.0)
Requirement already satisfied: torchvision>=0.9.0 in <workspace>/python-vision-inference/worker/.venv/lib/python3.14/site-packages (from ultralytics<9,>=8.4.105->-r requirements.txt (line 4)) (0.28.0)
Requirement already satisfied: psutil>=5.8.0 in <workspace>/python-vision-inference/worker/.venv/lib/python3.14/site-packages (from ultralytics<9,>=8.4.105->-r requirements.txt (line 4)) (7.2.2)
Requirement already satisfied: polars>=0.20.0 in <workspace>/python-vision-inference/worker/.venv/lib/python3.14/site-packages (from ultralytics<9,>=8.4.105->-r requirements.txt (line 4)) (1.43.2)
Requirement already satisfied: nvidia-ml-py>=12.0.0 in <workspace>/python-vision-inference/worker/.venv/lib/python3.14/site-packages (from ultralytics<9,>=8.4.105->-r requirements.txt (line 4)) (13.610.43)
Requirement already satisfied: ultralytics-thop>=2.1.6 in <workspace>/python-vision-inference/worker/.venv/lib/python3.14/site-packages (from ultralytics<9,>=8.4.105->-r requirements.txt (line 4)) (2.1.6)
Requirement already satisfied: protobuf<8,>=7.35.1 in <workspace>/python-vision-inference/worker/.venv/lib/python3.14/site-packages (from rstreamlabs-rstream>=0.4.0->rstreamlabs-rstream[api]>=0.4.0->-r requirements.txt (line 3)) (7.35.1)
Requirement already satisfied: contourpy>=1.0.1 in <workspace>/python-vision-inference/worker/.venv/lib/python3.14/site-packages (from matplotlib>=3.3.0->ultralytics<9,>=8.4.105->-r requirements.txt (line 4)) (1.3.3)
Requirement already satisfied: cycler>=0.10 in <workspace>/python-vision-inference/worker/.venv/lib/python3.14/site-packages (from matplotlib>=3.3.0->ultralytics<9,>=8.4.105->-r requirements.txt (line 4)) (0.12.1)
Requirement already satisfied: fonttools>=4.28.2 in <workspace>/python-vision-inference/worker/.venv/lib/python3.14/site-packages (from matplotlib>=3.3.0->ultralytics<9,>=8.4.105->-r requirements.txt (line 4)) (4.63.0)
Requirement already satisfied: kiwisolver>=1.3.1 in <workspace>/python-vision-inference/worker/.venv/lib/python3.14/site-packages (from matplotlib>=3.3.0->ultralytics<9,>=8.4.105->-r requirements.txt (line 4)) (1.5.0)
Requirement already satisfied: packaging>=20.0 in <workspace>/python-vision-inference/worker/.venv/lib/python3.14/site-packages (from matplotlib>=3.3.0->ultralytics<9,>=8.4.105->-r requirements.txt (line 4)) (26.3)
Requirement already satisfied: pyparsing>=3 in <workspace>/python-vision-inference/worker/.venv/lib/python3.14/site-packages (from matplotlib>=3.3.0->ultralytics<9,>=8.4.105->-r requirements.txt (line 4)) (3.3.2)
Requirement already satisfied: python-dateutil>=2.7 in <workspace>/python-vision-inference/worker/.venv/lib/python3.14/site-packages (from matplotlib>=3.3.0->ultralytics<9,>=8.4.105->-r requirements.txt (line 4)) (2.9.0.post0)
Requirement already satisfied: polars-runtime-32==1.43.2 in <workspace>/python-vision-inference/worker/.venv/lib/python3.14/site-packages (from polars>=0.20.0->ultralytics<9,>=8.4.105->-r requirements.txt (line 4)) (1.43.2)
Requirement already satisfied: six>=1.5 in <workspace>/python-vision-inference/worker/.venv/lib/python3.14/site-packages (from python-dateutil>=2.7->matplotlib>=3.3.0->ultralytics<9,>=8.4.105->-r requirements.txt (line 4)) (1.17.0)
Requirement already satisfied: charset_normalizer<4,>=2 in <workspace>/python-vision-inference/worker/.venv/lib/python3.14/site-packages (from requests>=2.23.0->ultralytics<9,>=8.4.105->-r requirements.txt (line 4)) (3.5.0)
Requirement already satisfied: idna<4,>=2.5 in <workspace>/python-vision-inference/worker/.venv/lib/python3.14/site-packages (from requests>=2.23.0->ultralytics<9,>=8.4.105->-r requirements.txt (line 4)) (3.18)
Requirement already satisfied: urllib3<3,>=1.26 in <workspace>/python-vision-inference/worker/.venv/lib/python3.14/site-packages (from requests>=2.23.0->ultralytics<9,>=8.4.105->-r requirements.txt (line 4)) (2.7.0)
Requirement already satisfied: certifi>=2023.5.7 in <workspace>/python-vision-inference/worker/.venv/lib/python3.14/site-packages (from requests>=2.23.0->ultralytics<9,>=8.4.105->-r requirements.txt (line 4)) (2026.7.22)
Requirement already satisfied: httpx<1,>=0.28.1 in <workspace>/python-vision-inference/worker/.venv/lib/python3.14/site-packages (from rstreamlabs-rstream[api]>=0.4.0->-r requirements.txt (line 3)) (0.28.1)
Requirement already satisfied: anyio in <workspace>/python-vision-inference/worker/.venv/lib/python3.14/site-packages (from httpx<1,>=0.28.1->rstreamlabs-rstream[api]>=0.4.0->-r requirements.txt (line 3)) (4.14.2)
Requirement already satisfied: httpcore==1.* in <workspace>/python-vision-inference/worker/.venv/lib/python3.14/site-packages (from httpx<1,>=0.28.1->rstreamlabs-rstream[api]>=0.4.0->-r requirements.txt (line 3)) (1.0.9)
Requirement already satisfied: h11>=0.16 in <workspace>/python-vision-inference/worker/.venv/lib/python3.14/site-packages (from httpcore==1.*->httpx<1,>=0.28.1->rstreamlabs-rstream[api]>=0.4.0->-r requirements.txt (line 3)) (0.16.0)
Requirement already satisfied: typing-extensions>=4.10.0 in <workspace>/python-vision-inference/worker/.venv/lib/python3.14/site-packages (from torch>=1.8.0->ultralytics<9,>=8.4.105->-r requirements.txt (line 4)) (4.16.0)
Requirement already satisfied: setuptools>=77.0.3 in <workspace>/python-vision-inference/worker/.venv/lib/python3.14/site-packages (from torch>=1.8.0->ultralytics<9,>=8.4.105->-r requirements.txt (line 4)) (84.0.0)
Requirement already satisfied: sympy>=1.13.3 in <workspace>/python-vision-inference/worker/.venv/lib/python3.14/site-packages (from torch>=1.8.0->ultralytics<9,>=8.4.105->-r requirements.txt (line 4)) (1.14.0)
Requirement already satisfied: networkx>=2.5.1 in <workspace>/python-vision-inference/worker/.venv/lib/python3.14/site-packages (from torch>=1.8.0->ultralytics<9,>=8.4.105->-r requirements.txt (line 4)) (3.6.1)
Requirement already satisfied: jinja2 in <workspace>/python-vision-inference/worker/.venv/lib/python3.14/site-packages (from torch>=1.8.0->ultralytics<9,>=8.4.105->-r requirements.txt (line 4)) (3.1.6)
Requirement already satisfied: fsspec>=0.8.5 in <workspace>/python-vision-inference/worker/.venv/lib/python3.14/site-packages (from torch>=1.8.0->ultralytics<9,>=8.4.105->-r requirements.txt (line 4)) (2026.7.0)
Requirement already satisfied: mpmath<1.4,>=1.1.0 in <workspace>/python-vision-inference/worker/.venv/lib/python3.14/site-packages (from sympy>=1.13.3->torch>=1.8.0->ultralytics<9,>=8.4.105->-r requirements.txt (line 4)) (1.3.0)
Requirement already satisfied: MarkupSafe>=2.0 in <workspace>/python-vision-inference/worker/.venv/lib/python3.14/site-packages (from jinja2->torch>=1.8.0->ultralytics<9,>=8.4.105->-r requirements.txt (line 4)) (3.0.3)
.venv/bin/pip check
No broken requirements found.
touch .venv/.install-stamp
PYTHONPATH=<workspace>/python-vision-inference .venv/bin/python -m py_compile worker.py ../shared/protocol.py
PYTHONPATH=<workspace>/python-vision-inference .venv/bin/python -m unittest discover -s . -p 'test_*.py'
s...device session opened
device session closed
.device session opened
device session closed
.device session opened
device session closed
....
----------------------------------------------------------------------
Ran 10 tests in 0.097s

OK (skipped=1)
PYTHONPATH=<workspace>/python-vision-inference .venv/bin/python -m unittest discover -s ../shared -p 'test_*.py'
............
----------------------------------------------------------------------
Ran 12 tests in 0.022s

OK
PYTHONPATH=<workspace>/python-vision-inference .venv/bin/python worker.py --help >/dev/null
.venv/bin/pip check
No broken requirements found.
/Applications/Xcode.app/Contents/Developer/usr/bin/make -C device verify
.venv/bin/pip install --upgrade pip
Requirement already satisfied: pip in <workspace>/python-vision-inference/device/.venv/lib/python3.14/site-packages (26.2.1)
.venv/bin/pip install -r requirements.txt
Requirement already satisfied: fastapi<1,>=0.140 in <workspace>/python-vision-inference/device/.venv/lib/python3.14/site-packages (from -r requirements.txt (line 1)) (0.141.1)
Requirement already satisfied: numpy<3,>=2.5 in <workspace>/python-vision-inference/device/.venv/lib/python3.14/site-packages (from -r requirements.txt (line 2)) (2.5.2)
Requirement already satisfied: opencv-python<6,>=5.0.0.93 in <workspace>/python-vision-inference/device/.venv/lib/python3.14/site-packages (from -r requirements.txt (line 3)) (5.0.0.93)
Requirement already satisfied: rstreamlabs-rstream>=0.4.0 in <workspace>/python-vision-inference/device/.venv/lib/python3.14/site-packages (from rstreamlabs-rstream[api,asgi,realtime]>=0.4.0->-r requirements.txt (line 4)) (0.5.0)
Requirement already satisfied: supervision<0.30,>=0.29.1 in <workspace>/python-vision-inference/device/.venv/lib/python3.14/site-packages (from -r requirements.txt (line 5)) (0.29.1)
Requirement already satisfied: trackers<3,>=2.5.0.post0 in <workspace>/python-vision-inference/device/.venv/lib/python3.14/site-packages (from -r requirements.txt (line 6)) (2.6.0)
Requirement already satisfied: starlette>=0.46.0 in <workspace>/python-vision-inference/device/.venv/lib/python3.14/site-packages (from fastapi<1,>=0.140->-r requirements.txt (line 1)) (1.6.0)
Requirement already satisfied: pydantic>=2.9.0 in <workspace>/python-vision-inference/device/.venv/lib/python3.14/site-packages (from fastapi<1,>=0.140->-r requirements.txt (line 1)) (2.13.4)
Requirement already satisfied: typing-extensions>=4.8.0 in <workspace>/python-vision-inference/device/.venv/lib/python3.14/site-packages (from fastapi<1,>=0.140->-r requirements.txt (line 1)) (4.16.0)
Requirement already satisfied: typing-inspection>=0.4.2 in <workspace>/python-vision-inference/device/.venv/lib/python3.14/site-packages (from fastapi<1,>=0.140->-r requirements.txt (line 1)) (0.4.4)
Requirement already satisfied: annotated-doc>=0.0.2 in <workspace>/python-vision-inference/device/.venv/lib/python3.14/site-packages (from fastapi<1,>=0.140->-r requirements.txt (line 1)) (0.0.5)
Requirement already satisfied: defusedxml>=0.7.1 in <workspace>/python-vision-inference/device/.venv/lib/python3.14/site-packages (from supervision<0.30,>=0.29.1->-r requirements.txt (line 5)) (0.7.1)
Requirement already satisfied: matplotlib>=3.6 in <workspace>/python-vision-inference/device/.venv/lib/python3.14/site-packages (from supervision<0.30,>=0.29.1->-r requirements.txt (line 5)) (3.11.1)
Requirement already satisfied: pillow>=9.4 in <workspace>/python-vision-inference/device/.venv/lib/python3.14/site-packages (from supervision<0.30,>=0.29.1->-r requirements.txt (line 5)) (12.3.0)
Requirement already satisfied: pydeprecate<0.10,>=0.9 in <workspace>/python-vision-inference/device/.venv/lib/python3.14/site-packages (from supervision<0.30,>=0.29.1->-r requirements.txt (line 5)) (0.9.0)
Requirement already satisfied: pyyaml>=5.3 in <workspace>/python-vision-inference/device/.venv/lib/python3.14/site-packages (from supervision<0.30,>=0.29.1->-r requirements.txt (line 5)) (6.0.3)
Requirement already satisfied: requests>=2.26 in <workspace>/python-vision-inference/device/.venv/lib/python3.14/site-packages (from supervision<0.30,>=0.29.1->-r requirements.txt (line 5)) (2.34.2)
Requirement already satisfied: scipy>=1.10 in <workspace>/python-vision-inference/device/.venv/lib/python3.14/site-packages (from supervision<0.30,>=0.29.1->-r requirements.txt (line 5)) (1.18.0)
Requirement already satisfied: tqdm>=4.62.3 in <workspace>/python-vision-inference/device/.venv/lib/python3.14/site-packages (from supervision<0.30,>=0.29.1->-r requirements.txt (line 5)) (4.70.0)
Requirement already satisfied: rich>=13.0.0 in <workspace>/python-vision-inference/device/.venv/lib/python3.14/site-packages (from trackers<3,>=2.5.0.post0->-r requirements.txt (line 6)) (15.0.0)
Requirement already satisfied: protobuf<8,>=7.35.1 in <workspace>/python-vision-inference/device/.venv/lib/python3.14/site-packages (from rstreamlabs-rstream>=0.4.0->rstreamlabs-rstream[api,asgi,realtime]>=0.4.0->-r requirements.txt (line 4)) (7.35.1)
Requirement already satisfied: contourpy>=1.0.1 in <workspace>/python-vision-inference/device/.venv/lib/python3.14/site-packages (from matplotlib>=3.6->supervision<0.30,>=0.29.1->-r requirements.txt (line 5)) (1.3.3)
Requirement already satisfied: cycler>=0.10 in <workspace>/python-vision-inference/device/.venv/lib/python3.14/site-packages (from matplotlib>=3.6->supervision<0.30,>=0.29.1->-r requirements.txt (line 5)) (0.12.1)
Requirement already satisfied: fonttools>=4.28.2 in <workspace>/python-vision-inference/device/.venv/lib/python3.14/site-packages (from matplotlib>=3.6->supervision<0.30,>=0.29.1->-r requirements.txt (line 5)) (4.63.0)
Requirement already satisfied: kiwisolver>=1.3.1 in <workspace>/python-vision-inference/device/.venv/lib/python3.14/site-packages (from matplotlib>=3.6->supervision<0.30,>=0.29.1->-r requirements.txt (line 5)) (1.5.0)
Requirement already satisfied: packaging>=20.0 in <workspace>/python-vision-inference/device/.venv/lib/python3.14/site-packages (from matplotlib>=3.6->supervision<0.30,>=0.29.1->-r requirements.txt (line 5)) (26.3)
Requirement already satisfied: pyparsing>=3 in <workspace>/python-vision-inference/device/.venv/lib/python3.14/site-packages (from matplotlib>=3.6->supervision<0.30,>=0.29.1->-r requirements.txt (line 5)) (3.3.2)
Requirement already satisfied: python-dateutil>=2.7 in <workspace>/python-vision-inference/device/.venv/lib/python3.14/site-packages (from matplotlib>=3.6->supervision<0.30,>=0.29.1->-r requirements.txt (line 5)) (2.9.0.post0)
Requirement already satisfied: annotated-types>=0.6.0 in <workspace>/python-vision-inference/device/.venv/lib/python3.14/site-packages (from pydantic>=2.9.0->fastapi<1,>=0.140->-r requirements.txt (line 1)) (0.8.0)
Requirement already satisfied: pydantic-core==2.46.4 in <workspace>/python-vision-inference/device/.venv/lib/python3.14/site-packages (from pydantic>=2.9.0->fastapi<1,>=0.140->-r requirements.txt (line 1)) (2.46.4)
Requirement already satisfied: six>=1.5 in <workspace>/python-vision-inference/device/.venv/lib/python3.14/site-packages (from python-dateutil>=2.7->matplotlib>=3.6->supervision<0.30,>=0.29.1->-r requirements.txt (line 5)) (1.17.0)
Requirement already satisfied: charset_normalizer<4,>=2 in <workspace>/python-vision-inference/device/.venv/lib/python3.14/site-packages (from requests>=2.26->supervision<0.30,>=0.29.1->-r requirements.txt (line 5)) (3.5.0)
Requirement already satisfied: idna<4,>=2.5 in <workspace>/python-vision-inference/device/.venv/lib/python3.14/site-packages (from requests>=2.26->supervision<0.30,>=0.29.1->-r requirements.txt (line 5)) (3.18)
Requirement already satisfied: urllib3<3,>=1.26 in <workspace>/python-vision-inference/device/.venv/lib/python3.14/site-packages (from requests>=2.26->supervision<0.30,>=0.29.1->-r requirements.txt (line 5)) (2.7.0)
Requirement already satisfied: certifi>=2023.5.7 in <workspace>/python-vision-inference/device/.venv/lib/python3.14/site-packages (from requests>=2.26->supervision<0.30,>=0.29.1->-r requirements.txt (line 5)) (2026.7.22)
Requirement already satisfied: markdown-it-py>=2.2.0 in <workspace>/python-vision-inference/device/.venv/lib/python3.14/site-packages (from rich>=13.0.0->trackers<3,>=2.5.0.post0->-r requirements.txt (line 6)) (4.2.0)
Requirement already satisfied: pygments<3.0.0,>=2.13.0 in <workspace>/python-vision-inference/device/.venv/lib/python3.14/site-packages (from rich>=13.0.0->trackers<3,>=2.5.0.post0->-r requirements.txt (line 6)) (2.20.0)
Requirement already satisfied: mdurl~=0.1 in <workspace>/python-vision-inference/device/.venv/lib/python3.14/site-packages (from markdown-it-py>=2.2.0->rich>=13.0.0->trackers<3,>=2.5.0.post0->-r requirements.txt (line 6)) (0.1.2)
Requirement already satisfied: httpx<1,>=0.28.1 in <workspace>/python-vision-inference/device/.venv/lib/python3.14/site-packages (from rstreamlabs-rstream[api,asgi,realtime]>=0.4.0->-r requirements.txt (line 4)) (0.28.1)
Requirement already satisfied: h11<1,>=0.16 in <workspace>/python-vision-inference/device/.venv/lib/python3.14/site-packages (from rstreamlabs-rstream[api,asgi,realtime]>=0.4.0->-r requirements.txt (line 4)) (0.16.0)
Requirement already satisfied: websockets<17,>=16.1.1 in <workspace>/python-vision-inference/device/.venv/lib/python3.14/site-packages (from rstreamlabs-rstream[api,asgi,realtime]>=0.4.0->-r requirements.txt (line 4)) (16.1.1)
Requirement already satisfied: anyio in <workspace>/python-vision-inference/device/.venv/lib/python3.14/site-packages (from httpx<1,>=0.28.1->rstreamlabs-rstream[api,asgi,realtime]>=0.4.0->-r requirements.txt (line 4)) (4.14.2)
Requirement already satisfied: httpcore==1.* in <workspace>/python-vision-inference/device/.venv/lib/python3.14/site-packages (from httpx<1,>=0.28.1->rstreamlabs-rstream[api,asgi,realtime]>=0.4.0->-r requirements.txt (line 4)) (1.0.9)
.venv/bin/pip check
No broken requirements found.
touch .venv/.install-stamp
npm ci

added 39 packages, and audited 40 packages in 1s

8 packages are looking for funding
  run `npm fund` for details

found 0 vulnerabilities
npm warn install-scripts 2 packages have install scripts not yet covered by allowScripts:
npm warn install-scripts   @parcel/watcher@2.5.1 (install: node scripts/build-from-source.js)
npm warn install-scripts   esbuild@0.28.1 (postinstall: node install.js)
npm warn install-scripts
npm warn install-scripts Run `npm install-scripts ls` to review, or `npm install-scripts approve <pkg>` to allow.
touch node_modules/.install-stamp
npm run typecheck

> typecheck
> npm run check:ts


> check:ts
> tsc --noEmit

PYTHONPATH=<workspace>/python-vision-inference .venv/bin/python -m py_compile device.py ../shared/protocol.py
PYTHONPATH=<workspace>/python-vision-inference .venv/bin/python -m unittest discover -s . -p 'test_*.py'
....dial to bad failed: ConnectionError('dial failed')
.registry watch lost (ConnectionError('registry unavailable')); retrying in 1s
.............
----------------------------------------------------------------------
Ran 18 tests in 0.140s

OK
PYTHONPATH=<workspace>/python-vision-inference .venv/bin/python -m unittest discover -s ../shared -p 'test_*.py'
............
----------------------------------------------------------------------
Ran 12 tests in 0.017s

OK
.venv/bin/pip check
No broken requirements found.
npm run build

> build
> npm run build:js && npm run build:css


> build:js
> mkdir -p ./web/generated && esbuild ./web/app.ts --bundle --format=esm --target=es2022 --minify --outfile=./web/generated/app.js


  web/generated/app.js  328.4kb

⚡ Done in 11ms

> build:css
> mkdir -p ./web/generated && tailwindcss -i ./web/input.css -o ./web/generated/app.css --minify

≈ tailwindcss v4.3.3

Done in 50ms
